// Vitest Snapshot v1, https://vitest.dev/guide/snapshot.html

exports[`Toast - Snapshots > matches snapshot for ToastProvider 1`] = `
<div>
  Test content
</div>
`;

exports[`Toast - Snapshots > matches snapshot for ToastViewport 1`] = `
<div
  class="toaster group"
  data-testid="sonner-toaster"
  position="bottom-center"
  theme="light"
/>
`;
