// Vitest Snapshot v1, https://vitest.dev/guide/snapshot.html

exports[`SettingsLanguage - Snapshots > matches snapshot after loading 1`] = `
<div
  class="p-8 md:p-12 bg-[#1D1D20] rounded-md flex-col justify-start items-start gap-12 inline-flex"
>
  <div
    class="w-full flex-col justify-start items-start gap-6 flex"
  >
    <div
      class="justify-start items-center gap-2 inline-flex"
    >
      <svg
        aria-hidden="true"
        class="lucide lucide-languages"
        fill="none"
        height="24"
        stroke="currentColor"
        stroke-linecap="round"
        stroke-linejoin="round"
        stroke-width="2"
        viewBox="0 0 24 24"
        width="24"
        xmlns="http://www.w3.org/2000/svg"
      >
        <path
          d="m5 8 6 6"
        />
        <path
          d="m4 14 6-6 2-3"
        />
        <path
          d="M2 5h12"
        />
        <path
          d="M7 2h1"
        />
        <path
          d="m22 22-5-10-5 10"
        />
        <path
          d="M14 18h6"
        />
      </svg>
      <h2
        class="text-2xl font-bold leading-8 text-foreground"
      >
        Language
      </h2>
    </div>
    <p
      class="text-base font-medium leading-6 text-secondary-foreground"
    >
      Choose your preferred language for the Pubky interface.
    </p>
    <div
      class="w-full p-6 bg-white/5 shadow-[0px_20px_40px_0px_rgba(5,5,10,0.50)] rounded-2xl flex-col justify-start items-start gap-2 inline-flex"
    >
      <p
        class="text-xs font-bold uppercase text-muted-foreground"
      >
        Display language
      </p>
      <div
        class="relative w-full"
      >
        <button
          class="flex items-center justify-between w-full px-4 py-2 text-lg font-light leading-7 tracking-wide cursor-pointer hover:opacity-80 transition-opacity"
        >
          <span
            class="flex items-center gap-2"
          >
            <span
              class="text-2xl"
            >
              🇺🇸
            </span>
            <span>
              English
            </span>
          </span>
          <svg
            aria-hidden="true"
            class="lucide lucide-chevron-down transition-transform duration-300"
            fill="none"
            height="20"
            stroke="currentColor"
            stroke-linecap="round"
            stroke-linejoin="round"
            stroke-width="2"
            viewBox="0 0 24 24"
            width="20"
            xmlns="http://www.w3.org/2000/svg"
          >
            <path
              d="m6 9 6 6 6-6"
            />
          </svg>
        </button>
      </div>
    </div>
  </div>
</div>
`;
