// Vitest Snapshot v1, https://vitest.dev/guide/snapshot.html

exports[`ButtonsNavigation - Snapshots > matches snapshot with back button disabled 1`] = `
<div
  class="mx-auto w-full flex-col flex flex-row gap-3 lg:gap-6 justify-between"
  data-testid="container"
>
  <button
    class="inline-flex items-center justify-center gap-2 whitespace-nowrap text-sm font-medium transition-all disabled:pointer-events-none disabled:opacity-50 [&_svg]:pointer-events-none [&_svg:not([class*=\\"size-\\"])]:size-4 shrink-0 [&_svg]:shrink-0 outline-none focus-visible:border-ring focus-visible:ring-ring/50 focus-visible:ring-[3px] aria-invalid:ring-destructive/20 dark:aria-invalid:ring-destructive/40 aria-invalid:border-destructive font-semibold cursor-pointer rounded-full border shadow-xs bg-secondary text-secondary-foreground hover:bg-secondary/80 h-10 gap-1 px-8 py-7 has-[>svg]:px-6 md:has-[>svg]:px-8 rounded-full flex-1 md:flex-0 w-full"
    data-size="lg"
    data-slot="button"
    data-variant="secondary"
    disabled=""
    id="undefined-back-btn"
  >
    <div
      class="mr-2 h-4 w-4"
      data-testid="arrow-left-icon"
    >
      ArrowLeft
    </div>
    Back
  </button>
  <button
    class="inline-flex items-center justify-center gap-2 whitespace-nowrap text-sm font-medium transition-all disabled:pointer-events-none disabled:opacity-50 [&_svg]:pointer-events-none [&_svg:not([class*=\\"size-\\"])]:size-4 shrink-0 [&_svg]:shrink-0 outline-none focus-visible:border-ring focus-visible:ring-ring/50 focus-visible:ring-[3px] aria-invalid:ring-destructive/20 dark:aria-invalid:ring-destructive/40 aria-invalid:border-destructive font-semibold cursor-pointer rounded-full border shadow-xs bg-brand/20 text-brand hover:!bg-brand/30 border-brand h-10 gap-1 px-8 py-7 has-[>svg]:px-6 md:has-[>svg]:px-8 rounded-full flex-1 md:flex-0 w-full"
    data-size="lg"
    data-slot="button"
    id="undefined-continue-btn"
  >
    <div
      class="mr-2 h-4 w-4"
      data-testid="arrow-right-icon"
    >
      ArrowRight
    </div>
    Continue
  </button>
</div>
`;

exports[`ButtonsNavigation - Snapshots > matches snapshot with back callback only 1`] = `
<div
  class="mx-auto w-full flex-col flex flex-row gap-3 lg:gap-6 justify-between"
  data-testid="container"
>
  <button
    class="inline-flex items-center justify-center gap-2 whitespace-nowrap text-sm font-medium transition-all disabled:pointer-events-none disabled:opacity-50 [&_svg]:pointer-events-none [&_svg:not([class*=\\"size-\\"])]:size-4 shrink-0 [&_svg]:shrink-0 outline-none focus-visible:border-ring focus-visible:ring-ring/50 focus-visible:ring-[3px] aria-invalid:ring-destructive/20 dark:aria-invalid:ring-destructive/40 aria-invalid:border-destructive font-semibold cursor-pointer rounded-full border shadow-xs bg-secondary text-secondary-foreground hover:bg-secondary/80 h-10 gap-1 px-8 py-7 has-[>svg]:px-6 md:has-[>svg]:px-8 rounded-full flex-1 md:flex-0 w-full"
    data-size="lg"
    data-slot="button"
    data-variant="secondary"
    id="undefined-back-btn"
  >
    <div
      class="mr-2 h-4 w-4"
      data-testid="arrow-left-icon"
    >
      ArrowLeft
    </div>
    Back
  </button>
  <button
    class="inline-flex items-center justify-center gap-2 whitespace-nowrap text-sm font-medium transition-all disabled:pointer-events-none disabled:opacity-50 [&_svg]:pointer-events-none [&_svg:not([class*=\\"size-\\"])]:size-4 shrink-0 [&_svg]:shrink-0 outline-none focus-visible:border-ring focus-visible:ring-ring/50 focus-visible:ring-[3px] aria-invalid:ring-destructive/20 dark:aria-invalid:ring-destructive/40 aria-invalid:border-destructive font-semibold cursor-pointer rounded-full border shadow-xs bg-brand/20 text-brand hover:!bg-brand/30 border-brand h-10 gap-1 px-8 py-7 has-[>svg]:px-6 md:has-[>svg]:px-8 rounded-full flex-1 md:flex-0 w-full"
    data-size="lg"
    data-slot="button"
    id="undefined-continue-btn"
  >
    <div
      class="mr-2 h-4 w-4"
      data-testid="arrow-right-icon"
    >
      ArrowRight
    </div>
    Continue
  </button>
</div>
`;

exports[`ButtonsNavigation - Snapshots > matches snapshot with both buttons disabled 1`] = `
<div
  class="mx-auto w-full flex-col flex flex-row gap-3 lg:gap-6 justify-between"
  data-testid="container"
>
  <button
    class="inline-flex items-center justify-center gap-2 whitespace-nowrap text-sm font-medium transition-all disabled:pointer-events-none disabled:opacity-50 [&_svg]:pointer-events-none [&_svg:not([class*=\\"size-\\"])]:size-4 shrink-0 [&_svg]:shrink-0 outline-none focus-visible:border-ring focus-visible:ring-ring/50 focus-visible:ring-[3px] aria-invalid:ring-destructive/20 dark:aria-invalid:ring-destructive/40 aria-invalid:border-destructive font-semibold cursor-pointer rounded-full border shadow-xs bg-secondary text-secondary-foreground hover:bg-secondary/80 h-10 gap-1 px-8 py-7 has-[>svg]:px-6 md:has-[>svg]:px-8 rounded-full flex-1 md:flex-0 w-full"
    data-size="lg"
    data-slot="button"
    data-variant="secondary"
    disabled=""
    id="undefined-back-btn"
  >
    <div
      class="mr-2 h-4 w-4"
      data-testid="arrow-left-icon"
    >
      ArrowLeft
    </div>
    Back
  </button>
  <button
    class="inline-flex items-center justify-center gap-2 whitespace-nowrap text-sm font-medium transition-all disabled:pointer-events-none disabled:opacity-50 [&_svg]:pointer-events-none [&_svg:not([class*=\\"size-\\"])]:size-4 shrink-0 [&_svg]:shrink-0 outline-none focus-visible:border-ring focus-visible:ring-ring/50 focus-visible:ring-[3px] aria-invalid:ring-destructive/20 dark:aria-invalid:ring-destructive/40 aria-invalid:border-destructive font-semibold cursor-pointer rounded-full border shadow-xs bg-brand/20 text-brand hover:!bg-brand/30 border-brand h-10 gap-1 px-8 py-7 has-[>svg]:px-6 md:has-[>svg]:px-8 rounded-full flex-1 md:flex-0 w-full"
    data-size="lg"
    data-slot="button"
    disabled=""
    id="undefined-continue-btn"
  >
    <div
      class="mr-2 h-4 w-4"
      data-testid="arrow-right-icon"
    >
      ArrowRight
    </div>
    Continue
  </button>
</div>
`;

exports[`ButtonsNavigation - Snapshots > matches snapshot with both callbacks 1`] = `
<div
  class="mx-auto w-full flex-col flex flex-row gap-3 lg:gap-6 justify-between"
  data-testid="container"
>
  <button
    class="inline-flex items-center justify-center gap-2 whitespace-nowrap text-sm font-medium transition-all disabled:pointer-events-none disabled:opacity-50 [&_svg]:pointer-events-none [&_svg:not([class*=\\"size-\\"])]:size-4 shrink-0 [&_svg]:shrink-0 outline-none focus-visible:border-ring focus-visible:ring-ring/50 focus-visible:ring-[3px] aria-invalid:ring-destructive/20 dark:aria-invalid:ring-destructive/40 aria-invalid:border-destructive font-semibold cursor-pointer rounded-full border shadow-xs bg-secondary text-secondary-foreground hover:bg-secondary/80 h-10 gap-1 px-8 py-7 has-[>svg]:px-6 md:has-[>svg]:px-8 rounded-full flex-1 md:flex-0 w-full"
    data-size="lg"
    data-slot="button"
    data-variant="secondary"
    id="undefined-back-btn"
  >
    <div
      class="mr-2 h-4 w-4"
      data-testid="arrow-left-icon"
    >
      ArrowLeft
    </div>
    Back
  </button>
  <button
    class="inline-flex items-center justify-center gap-2 whitespace-nowrap text-sm font-medium transition-all disabled:pointer-events-none disabled:opacity-50 [&_svg]:pointer-events-none [&_svg:not([class*=\\"size-\\"])]:size-4 shrink-0 [&_svg]:shrink-0 outline-none focus-visible:border-ring focus-visible:ring-ring/50 focus-visible:ring-[3px] aria-invalid:ring-destructive/20 dark:aria-invalid:ring-destructive/40 aria-invalid:border-destructive font-semibold cursor-pointer rounded-full border shadow-xs bg-brand/20 text-brand hover:!bg-brand/30 border-brand h-10 gap-1 px-8 py-7 has-[>svg]:px-6 md:has-[>svg]:px-8 rounded-full flex-1 md:flex-0 w-full"
    data-size="lg"
    data-slot="button"
    id="undefined-continue-btn"
  >
    <div
      class="mr-2 h-4 w-4"
      data-testid="arrow-right-icon"
    >
      ArrowRight
    </div>
    Continue
  </button>
</div>
`;

exports[`ButtonsNavigation - Snapshots > matches snapshot with continue button disabled 1`] = `
<div
  class="mx-auto w-full flex-col flex flex-row gap-3 lg:gap-6 justify-between"
  data-testid="container"
>
  <button
    class="inline-flex items-center justify-center gap-2 whitespace-nowrap text-sm font-medium transition-all disabled:pointer-events-none disabled:opacity-50 [&_svg]:pointer-events-none [&_svg:not([class*=\\"size-\\"])]:size-4 shrink-0 [&_svg]:shrink-0 outline-none focus-visible:border-ring focus-visible:ring-ring/50 focus-visible:ring-[3px] aria-invalid:ring-destructive/20 dark:aria-invalid:ring-destructive/40 aria-invalid:border-destructive font-semibold cursor-pointer rounded-full border shadow-xs bg-secondary text-secondary-foreground hover:bg-secondary/80 h-10 gap-1 px-8 py-7 has-[>svg]:px-6 md:has-[>svg]:px-8 rounded-full flex-1 md:flex-0 w-full"
    data-size="lg"
    data-slot="button"
    data-variant="secondary"
    id="undefined-back-btn"
  >
    <div
      class="mr-2 h-4 w-4"
      data-testid="arrow-left-icon"
    >
      ArrowLeft
    </div>
    Back
  </button>
  <button
    class="inline-flex items-center justify-center gap-2 whitespace-nowrap text-sm font-medium transition-all disabled:pointer-events-none disabled:opacity-50 [&_svg]:pointer-events-none [&_svg:not([class*=\\"size-\\"])]:size-4 shrink-0 [&_svg]:shrink-0 outline-none focus-visible:border-ring focus-visible:ring-ring/50 focus-visible:ring-[3px] aria-invalid:ring-destructive/20 dark:aria-invalid:ring-destructive/40 aria-invalid:border-destructive font-semibold cursor-pointer rounded-full border shadow-xs bg-brand/20 text-brand hover:!bg-brand/30 border-brand h-10 gap-1 px-8 py-7 has-[>svg]:px-6 md:has-[>svg]:px-8 rounded-full flex-1 md:flex-0 w-full"
    data-size="lg"
    data-slot="button"
    disabled=""
    id="undefined-continue-btn"
  >
    <div
      class="mr-2 h-4 w-4"
      data-testid="arrow-right-icon"
    >
      ArrowRight
    </div>
    Continue
  </button>
</div>
`;

exports[`ButtonsNavigation - Snapshots > matches snapshot with continue callback only 1`] = `
<div
  class="mx-auto w-full flex-col flex flex-row gap-3 lg:gap-6 justify-between"
  data-testid="container"
>
  <button
    class="inline-flex items-center justify-center gap-2 whitespace-nowrap text-sm font-medium transition-all disabled:pointer-events-none disabled:opacity-50 [&_svg]:pointer-events-none [&_svg:not([class*=\\"size-\\"])]:size-4 shrink-0 [&_svg]:shrink-0 outline-none focus-visible:border-ring focus-visible:ring-ring/50 focus-visible:ring-[3px] aria-invalid:ring-destructive/20 dark:aria-invalid:ring-destructive/40 aria-invalid:border-destructive font-semibold cursor-pointer rounded-full border shadow-xs bg-secondary text-secondary-foreground hover:bg-secondary/80 h-10 gap-1 px-8 py-7 has-[>svg]:px-6 md:has-[>svg]:px-8 rounded-full flex-1 md:flex-0 w-full"
    data-size="lg"
    data-slot="button"
    data-variant="secondary"
    id="undefined-back-btn"
  >
    <div
      class="mr-2 h-4 w-4"
      data-testid="arrow-left-icon"
    >
      ArrowLeft
    </div>
    Back
  </button>
  <button
    class="inline-flex items-center justify-center gap-2 whitespace-nowrap text-sm font-medium transition-all disabled:pointer-events-none disabled:opacity-50 [&_svg]:pointer-events-none [&_svg:not([class*=\\"size-\\"])]:size-4 shrink-0 [&_svg]:shrink-0 outline-none focus-visible:border-ring focus-visible:ring-ring/50 focus-visible:ring-[3px] aria-invalid:ring-destructive/20 dark:aria-invalid:ring-destructive/40 aria-invalid:border-destructive font-semibold cursor-pointer rounded-full border shadow-xs bg-brand/20 text-brand hover:!bg-brand/30 border-brand h-10 gap-1 px-8 py-7 has-[>svg]:px-6 md:has-[>svg]:px-8 rounded-full flex-1 md:flex-0 w-full"
    data-size="lg"
    data-slot="button"
    id="undefined-continue-btn"
  >
    <div
      class="mr-2 h-4 w-4"
      data-testid="arrow-right-icon"
    >
      ArrowRight
    </div>
    Continue
  </button>
</div>
`;

exports[`ButtonsNavigation - Snapshots > matches snapshot with custom className 1`] = `
<div
  class="mx-auto w-full flex-col flex flex-row gap-3 lg:gap-6 justify-between custom-navigation-class"
  data-testid="container"
>
  <button
    class="inline-flex items-center justify-center gap-2 whitespace-nowrap text-sm font-medium transition-all disabled:pointer-events-none disabled:opacity-50 [&_svg]:pointer-events-none [&_svg:not([class*=\\"size-\\"])]:size-4 shrink-0 [&_svg]:shrink-0 outline-none focus-visible:border-ring focus-visible:ring-ring/50 focus-visible:ring-[3px] aria-invalid:ring-destructive/20 dark:aria-invalid:ring-destructive/40 aria-invalid:border-destructive font-semibold cursor-pointer rounded-full border shadow-xs bg-secondary text-secondary-foreground hover:bg-secondary/80 h-10 gap-1 px-8 py-7 has-[>svg]:px-6 md:has-[>svg]:px-8 rounded-full flex-1 md:flex-0 w-full"
    data-size="lg"
    data-slot="button"
    data-variant="secondary"
    id="undefined-back-btn"
  >
    <div
      class="mr-2 h-4 w-4"
      data-testid="arrow-left-icon"
    >
      ArrowLeft
    </div>
    Back
  </button>
  <button
    class="inline-flex items-center justify-center gap-2 whitespace-nowrap text-sm font-medium transition-all disabled:pointer-events-none disabled:opacity-50 [&_svg]:pointer-events-none [&_svg:not([class*=\\"size-\\"])]:size-4 shrink-0 [&_svg]:shrink-0 outline-none focus-visible:border-ring focus-visible:ring-ring/50 focus-visible:ring-[3px] aria-invalid:ring-destructive/20 dark:aria-invalid:ring-destructive/40 aria-invalid:border-destructive font-semibold cursor-pointer rounded-full border shadow-xs bg-brand/20 text-brand hover:!bg-brand/30 border-brand h-10 gap-1 px-8 py-7 has-[>svg]:px-6 md:has-[>svg]:px-8 rounded-full flex-1 md:flex-0 w-full"
    data-size="lg"
    data-slot="button"
    id="undefined-continue-btn"
  >
    <div
      class="mr-2 h-4 w-4"
      data-testid="arrow-right-icon"
    >
      ArrowRight
    </div>
    Continue
  </button>
</div>
`;

exports[`ButtonsNavigation - Snapshots > matches snapshot with custom text 1`] = `
<div
  class="mx-auto w-full flex-col flex flex-row gap-3 lg:gap-6 justify-between"
  data-testid="container"
>
  <button
    class="inline-flex items-center justify-center gap-2 whitespace-nowrap text-sm font-medium transition-all disabled:pointer-events-none disabled:opacity-50 [&_svg]:pointer-events-none [&_svg:not([class*=\\"size-\\"])]:size-4 shrink-0 [&_svg]:shrink-0 outline-none focus-visible:border-ring focus-visible:ring-ring/50 focus-visible:ring-[3px] aria-invalid:ring-destructive/20 dark:aria-invalid:ring-destructive/40 aria-invalid:border-destructive font-semibold cursor-pointer rounded-full border shadow-xs bg-secondary text-secondary-foreground hover:bg-secondary/80 h-10 gap-1 px-8 py-7 has-[>svg]:px-6 md:has-[>svg]:px-8 rounded-full flex-1 md:flex-0 w-full"
    data-size="lg"
    data-slot="button"
    data-variant="secondary"
    id="undefined-back-btn"
  >
    <div
      class="mr-2 h-4 w-4"
      data-testid="arrow-left-icon"
    >
      ArrowLeft
    </div>
    Go Back
  </button>
  <button
    class="inline-flex items-center justify-center gap-2 whitespace-nowrap text-sm font-medium transition-all disabled:pointer-events-none disabled:opacity-50 [&_svg]:pointer-events-none [&_svg:not([class*=\\"size-\\"])]:size-4 shrink-0 [&_svg]:shrink-0 outline-none focus-visible:border-ring focus-visible:ring-ring/50 focus-visible:ring-[3px] aria-invalid:ring-destructive/20 dark:aria-invalid:ring-destructive/40 aria-invalid:border-destructive font-semibold cursor-pointer rounded-full border shadow-xs bg-brand/20 text-brand hover:!bg-brand/30 border-brand h-10 gap-1 px-8 py-7 has-[>svg]:px-6 md:has-[>svg]:px-8 rounded-full flex-1 md:flex-0 w-full"
    data-size="lg"
    data-slot="button"
    id="undefined-continue-btn"
  >
    <div
      class="mr-2 h-4 w-4"
      data-testid="arrow-right-icon"
    >
      ArrowRight
    </div>
    Next Step
  </button>
</div>
`;

exports[`ButtonsNavigation - Snapshots > matches snapshot with default props 1`] = `
<div
  class="mx-auto w-full flex-col flex flex-row gap-3 lg:gap-6 justify-between"
  data-testid="container"
>
  <button
    class="inline-flex items-center justify-center gap-2 whitespace-nowrap text-sm font-medium transition-all disabled:pointer-events-none disabled:opacity-50 [&_svg]:pointer-events-none [&_svg:not([class*=\\"size-\\"])]:size-4 shrink-0 [&_svg]:shrink-0 outline-none focus-visible:border-ring focus-visible:ring-ring/50 focus-visible:ring-[3px] aria-invalid:ring-destructive/20 dark:aria-invalid:ring-destructive/40 aria-invalid:border-destructive font-semibold cursor-pointer rounded-full border shadow-xs bg-secondary text-secondary-foreground hover:bg-secondary/80 h-10 gap-1 px-8 py-7 has-[>svg]:px-6 md:has-[>svg]:px-8 rounded-full flex-1 md:flex-0 w-full"
    data-size="lg"
    data-slot="button"
    data-variant="secondary"
    id="undefined-back-btn"
  >
    <div
      class="mr-2 h-4 w-4"
      data-testid="arrow-left-icon"
    >
      ArrowLeft
    </div>
    Back
  </button>
  <button
    class="inline-flex items-center justify-center gap-2 whitespace-nowrap text-sm font-medium transition-all disabled:pointer-events-none disabled:opacity-50 [&_svg]:pointer-events-none [&_svg:not([class*=\\"size-\\"])]:size-4 shrink-0 [&_svg]:shrink-0 outline-none focus-visible:border-ring focus-visible:ring-ring/50 focus-visible:ring-[3px] aria-invalid:ring-destructive/20 dark:aria-invalid:ring-destructive/40 aria-invalid:border-destructive font-semibold cursor-pointer rounded-full border shadow-xs bg-brand/20 text-brand hover:!bg-brand/30 border-brand h-10 gap-1 px-8 py-7 has-[>svg]:px-6 md:has-[>svg]:px-8 rounded-full flex-1 md:flex-0 w-full"
    data-size="lg"
    data-slot="button"
    id="undefined-continue-btn"
  >
    <div
      class="mr-2 h-4 w-4"
      data-testid="arrow-right-icon"
    >
      ArrowRight
    </div>
    Continue
  </button>
</div>
`;
