// Vitest Snapshot v1, https://vitest.dev/guide/snapshot.html

exports[`NewPostsButton - Snapshots > matches snapshot when count is 0 1`] = `null`;

exports[`NewPostsButton - Snapshots > matches snapshot when not visible 1`] = `null`;

exports[`NewPostsButton - Snapshots > matches snapshot when scrolled (fixed position) 1`] = `
<button
  class="inline-flex items-center justify-center whitespace-nowrap text-sm transition-all disabled:pointer-events-none disabled:opacity-50 [&_svg]:pointer-events-none [&_svg:not([class*=\\"size-\\"])]:size-4 shrink-0 [&_svg]:shrink-0 outline-none focus-visible:border-ring focus-visible:ring-ring/50 focus-visible:ring-[3px] aria-invalid:ring-destructive/40 aria-invalid:border-destructive font-semibold cursor-pointer rounded-full border bg-brand text-background border-brand hover:bg-brand/90 h-10 gap-1 px-4 py-2 has-[>svg]:px-4 animate-in fade-in slide-in-from-left-2 fixed top-30 left-1/2 z-50 -translate-x-1/2 shadow-lg"
  data-slot="button"
  data-testid="new-posts-button"
  data-variant="brand"
>
  <svg
    aria-hidden="true"
    class="lucide lucide-arrow-up h-4 w-4"
    fill="none"
    height="24"
    stroke="currentColor"
    stroke-linecap="round"
    stroke-linejoin="round"
    stroke-width="2"
    viewBox="0 0 24 24"
    width="24"
    xmlns="http://www.w3.org/2000/svg"
  >
    <path
      d="m5 12 7-7 7 7"
    />
    <path
      d="M12 19V5"
    />
  </svg>
  <span>
    See 
    5
     new 
    posts
  </span>
</button>
`;

exports[`NewPostsButton - Snapshots > matches snapshot with 1 new post 1`] = `
<button
  class="inline-flex items-center justify-center whitespace-nowrap text-sm transition-all disabled:pointer-events-none disabled:opacity-50 [&_svg]:pointer-events-none [&_svg:not([class*=\\"size-\\"])]:size-4 shrink-0 [&_svg]:shrink-0 outline-none focus-visible:border-ring focus-visible:ring-ring/50 focus-visible:ring-[3px] aria-invalid:ring-destructive/40 aria-invalid:border-destructive font-semibold cursor-pointer rounded-full border shadow-xs bg-brand/16 text-brand hover:!bg-brand/30 border-brand h-10 gap-1 px-4 py-2 has-[>svg]:px-4 animate-in fade-in slide-in-from-left-2 w-full"
  data-slot="button"
  data-testid="new-posts-button"
  data-variant="default"
>
  <svg
    aria-hidden="true"
    class="lucide lucide-arrow-up h-4 w-4 animate-bounce"
    fill="none"
    height="24"
    stroke="currentColor"
    stroke-linecap="round"
    stroke-linejoin="round"
    stroke-width="2"
    viewBox="0 0 24 24"
    width="24"
    xmlns="http://www.w3.org/2000/svg"
  >
    <path
      d="m5 12 7-7 7 7"
    />
    <path
      d="M12 19V5"
    />
  </svg>
  <span>
    See 
    1
     new 
    post
  </span>
</button>
`;

exports[`NewPostsButton - Snapshots > matches snapshot with multiple new posts 1`] = `
<button
  class="inline-flex items-center justify-center whitespace-nowrap text-sm transition-all disabled:pointer-events-none disabled:opacity-50 [&_svg]:pointer-events-none [&_svg:not([class*=\\"size-\\"])]:size-4 shrink-0 [&_svg]:shrink-0 outline-none focus-visible:border-ring focus-visible:ring-ring/50 focus-visible:ring-[3px] aria-invalid:ring-destructive/40 aria-invalid:border-destructive font-semibold cursor-pointer rounded-full border shadow-xs bg-brand/16 text-brand hover:!bg-brand/30 border-brand h-10 gap-1 px-4 py-2 has-[>svg]:px-4 animate-in fade-in slide-in-from-left-2 w-full"
  data-slot="button"
  data-testid="new-posts-button"
  data-variant="default"
>
  <svg
    aria-hidden="true"
    class="lucide lucide-arrow-up h-4 w-4 animate-bounce"
    fill="none"
    height="24"
    stroke="currentColor"
    stroke-linecap="round"
    stroke-linejoin="round"
    stroke-width="2"
    viewBox="0 0 24 24"
    width="24"
    xmlns="http://www.w3.org/2000/svg"
  >
    <path
      d="m5 12 7-7 7 7"
    />
    <path
      d="M12 19V5"
    />
  </svg>
  <span>
    See 
    5
     new 
    posts
  </span>
</button>
`;
