// Vitest Snapshot v1, https://vitest.dev/guide/snapshot.html

exports[`ProfilePageNotifications > matches snapshot 1`] = `
<div>
  <div
    class="mt-6 flex flex-col gap-4 lg:mt-0"
    data-testid="container"
  >
    <h5
      class="font-light text-muted-foreground leading-normal lg:hidden"
      data-testid="heading-5"
    >
      Notifications 
      (27)
    </h5>
    <div
      data-testid="notifications-list"
    >
      1
       notifications
    </div>
  </div>
</div>
`;
