// Vitest Snapshot v1, https://vitest.dev/guide/snapshot.html

exports[`ProfilePageNotifications > matches snapshot 1`] = `
<div>
  <div
    class="mt-6 gap-4 lg:mt-0"
    data-testid="container"
  >
    <div
      data-testid="notifications-container"
    >
      Notifications Content
    </div>
  </div>
</div>
`;
