// Vitest Snapshot v1, https://vitest.dev/guide/snapshot.html

exports[`PostHeader - Snapshots > matches snapshot in loaded state 1`] = `
<div
  class="flex justify-between"
  data-override-defaults="true"
  data-testid="container"
>
  <div
    class="flex gap-3"
    data-override-defaults="true"
    data-testid="container"
  >
    <div
      data-size="default"
      data-testid="avatar"
    >
      <img
        alt="Snapshot User"
        data-testid="avatar-image"
        src="https://example.com/avatar/snapshotUserKey.png"
      />
      <div
        data-testid="avatar-fallback"
      >
        SN
      </div>
    </div>
    <div
      data-testid="container"
    >
      <span
        class="text-base font-bold text-foreground"
        data-as="span"
        data-testid="typography"
      >
        Snapshot User
      </span>
      <div
        class="flex min-w-0 items-center gap-2"
        data-override-defaults="true"
        data-testid="container"
      >
        <span
          class="text-xs leading-4 font-medium tracking-[0.075rem] whitespace-nowrap text-muted-foreground uppercase"
          data-as="span"
          data-testid="typography"
        >
          @
          snapshot
        </span>
      </div>
    </div>
  </div>
  <div
    class="flex items-center gap-1"
    data-override-defaults="true"
    data-testid="container"
  >
    <svg
      class="size-4 text-muted-foreground"
      data-testid="clock-icon"
    />
    <span
      class="text-xs leading-4 font-medium tracking-[0.075rem] text-muted-foreground"
      data-as="span"
      data-testid="typography"
    >
      2h
    </span>
  </div>
</div>
`;

exports[`PostHeader - Snapshots > matches snapshot in loading state 1`] = `
<div
  class="text-muted-foreground"
  data-override-defaults="true"
  data-testid="container"
>
  Loading header...
</div>
`;
