// Vitest Snapshot v1, https://vitest.dev/guide/snapshot.html

exports[`DialogNewPost - Snapshots > matches snapshot with default props 1`] = `
<div
  data-open="false"
  data-testid="dialog-confirm-discard"
>
  <button
    data-testid="mock-confirm-btn"
  >
    Confirm
  </button>
  <button
    data-testid="mock-cancel-btn"
  >
    Cancel
  </button>
</div>
`;

exports[`DialogNewPost - Snapshots > matches snapshot with open prop 1`] = `
<div
  data-open="false"
  data-testid="dialog-confirm-discard"
>
  <button
    data-testid="mock-confirm-btn"
  >
    Confirm
  </button>
  <button
    data-testid="mock-cancel-btn"
  >
    Cancel
  </button>
</div>
`;
