// Vitest Snapshot v1, https://vitest.dev/guide/snapshot.html

exports[`InvitePopover > has proper popover content structure 1`] = `
<h4
  class="text-lg font-semibold text-foreground text-popover-foreground"
  data-testid="heading-4"
>
  Don't have an invite yet?
</h4>
`;

exports[`InvitePopover > has proper popover content structure 2`] = `
<p
  class="text-sm font-semibold text-foreground text-muted-foreground font-normal"
  data-testid="typography"
>
  Ask the Pubky team!
</p>
`;

exports[`InvitePopover > renders social contact links in popover 1`] = `
<div
  class="h-6 w-6"
  data-testid="mail-icon"
>
  Mail
</div>
`;

exports[`InvitePopover > renders social contact links in popover 2`] = `
<div
  class="h-6 w-6"
  data-testid="xtwitter-icon"
>
  XTwitter
</div>
`;

exports[`InvitePopover > renders social contact links in popover 3`] = `
<div
  class="h-6 w-6"
  data-testid="telegram-icon"
>
  Telegram
</div>
`;

exports[`PopoverInvite - Snapshots > matches snapshot for PopoverInvite with custom className 1`] = `
<button
  aria-controls="radix-«r0»"
  aria-expanded="false"
  aria-haspopup="dialog"
  class="inline-flex items-center justify-center gap-2 whitespace-nowrap text-sm font-medium transition-all disabled:pointer-events-none disabled:opacity-50 [&_svg]:pointer-events-none [&_svg:not([class*=\\"size-\\"])]:size-4 shrink-0 [&_svg]:shrink-0 outline-none focus-visible:border-ring focus-visible:ring-ring/50 focus-visible:ring-[3px] aria-invalid:ring-destructive/20 dark:aria-invalid:ring-destructive/40 aria-invalid:border-destructive font-semibold cursor-pointer rounded-full border shadow-xs hover:bg-accent hover:text-accent-foreground dark:hover:bg-accent/50 border-none size-9 custom-invite-style"
  data-as-child="true"
  data-size="icon"
  data-slot="popover-trigger"
  data-state="closed"
  data-testid="popover-trigger"
  data-variant="ghost"
  type="button"
>
  <div
    class="h-4 w-4 text-brand"
    data-testid="gift-icon"
  >
    Gift
  </div>
</button>
`;

exports[`PopoverInvite - Snapshots > matches snapshot for default PopoverInvite 1`] = `
<button
  aria-controls="radix-«r0»"
  aria-expanded="false"
  aria-haspopup="dialog"
  class="inline-flex items-center justify-center gap-2 whitespace-nowrap text-sm font-medium transition-all disabled:pointer-events-none disabled:opacity-50 [&_svg]:pointer-events-none [&_svg:not([class*=\\"size-\\"])]:size-4 shrink-0 [&_svg]:shrink-0 outline-none focus-visible:border-ring focus-visible:ring-ring/50 focus-visible:ring-[3px] aria-invalid:ring-destructive/20 dark:aria-invalid:ring-destructive/40 aria-invalid:border-destructive font-semibold cursor-pointer rounded-full border shadow-xs hover:bg-accent hover:text-accent-foreground dark:hover:bg-accent/50 border-none size-9 hover:bg-brand/10"
  data-as-child="true"
  data-size="icon"
  data-slot="popover-trigger"
  data-state="closed"
  data-testid="popover-trigger"
  data-variant="ghost"
  type="button"
>
  <div
    class="h-4 w-4 text-brand"
    data-testid="gift-icon"
  >
    Gift
  </div>
</button>
`;
