// Vitest Snapshot v1, https://vitest.dev/guide/snapshot.html

exports[`useUserDetails - Snapshots > matches snapshot for not found user 1`] = `
{
  "isLoading": true,
  "userDetails": undefined,
}
`;

exports[`useUserDetails - Snapshots > matches snapshot for null userId 1`] = `
{
  "isLoading": true,
  "userDetails": undefined,
}
`;

exports[`useUserDetails - Snapshots > matches snapshot for valid user 1`] = `
{
  "isLoading": false,
  "userDetails": {
    "bio": "A user for snapshot testing",
    "id": "snapshot-user",
    "image": "",
    "links": [],
    "name": "Snapshot User",
    "status": "active",
  },
}
`;
