// Vitest Snapshot v1, https://vitest.dev/guide/snapshot.html

exports[`HomeserverCard - Snapshots > matches snapshot for default HomeserverCard 1`] = `
<div
  data-image="{\\"src\\":\\"/images/gift.png\\",\\"alt\\":\\"Server\\",\\"width\\":192,\\"height\\":192}"
  data-testid="content-card"
>
  <div
    class="gap-1"
    data-testid="container"
  >
    <h3
      class="gap-1 flex flex-row items-center"
      data-size="lg"
      data-testid="heading-3"
    >
      Invite code for Pubky homeserver
      <div
        data-testid="popover-invite-homeserver"
      >
        Popover
      </div>
    </h3>
    <p
      class="text-secondary-foreground opacity-80 font-medium text-base"
      data-size="sm"
      data-testid="typography"
    >
      You get 1GB of storage, used for your posts, photos, videos, and your profile.
    </p>
  </div>
  <div
    class="gap-3 w-full flex-col mt-3"
    data-testid="container"
  >
    <div
      class="flex-col items-start gap-3 justify-start w-full"
      data-testid="container"
    >
      <div
        class="w-full max-w-[576px]"
        data-testid="input-field"
      >
        <input
          data-status="default"
          data-testid="input"
          data-variant="dashed"
          maxlength="14"
          placeholder="XXXX-XXXX-XXXX"
          value=""
        />
      </div>
    </div>
    <div
      class="flex-col md:flex-row gap-3 items-start md:items-center mt-3"
      data-testid="container"
    >
      <button
        class="rounded-full"
        data-testid="button-secondary"
        disabled=""
      >
        <div
          class="mr-2 h-4 w-4"
          data-testid="server-icon"
        >
          Server
        </div>
        Custom homeserver
      </button>
      <p
        class="text-base-secondary-foreground text-base opacity-80 font-normal"
        data-testid="typography"
      >
        Using a different homeserver will be possible soon.
      </p>
    </div>
  </div>
</div>
`;
