// Vitest Snapshot v1, https://vitest.dev/guide/snapshot.html

exports[`Input - Snapshots > matches snapshot with default props 1`] = `
<input
  class="file:text-foreground placeholder:text-muted-foreground selection:bg-primary selection:text-primary-foreground dark:bg-input/30 border-input flex h-9 w-full min-w-0 rounded-md border bg-transparent px-3 py-1 text-base shadow-xs transition-[color,box-shadow] outline-none file:inline-flex file:h-7 file:border-0 file:bg-transparent file:text-sm file:font-medium disabled:pointer-events-none disabled:cursor-not-allowed disabled:opacity-50 md:text-sm aria-invalid:ring-destructive/20 dark:aria-invalid:ring-destructive/40 aria-invalid:border-destructive focus:outline-none hover:outline-none hover:ring-0 focus:ring-0 focus:ring-offset-0"
  data-testid="input"
/>
`;

exports[`Input - Snapshots > matches snapshots for different configurations 1`] = `
<input
  class="file:text-foreground placeholder:text-muted-foreground selection:bg-primary selection:text-primary-foreground dark:bg-input/30 border-input flex h-9 w-full min-w-0 rounded-md border bg-transparent px-3 py-1 text-base shadow-xs transition-[color,box-shadow] outline-none file:inline-flex file:h-7 file:border-0 file:bg-transparent file:text-sm file:font-medium disabled:pointer-events-none disabled:cursor-not-allowed disabled:opacity-50 md:text-sm aria-invalid:ring-destructive/20 dark:aria-invalid:ring-destructive/40 aria-invalid:border-destructive focus:outline-none hover:outline-none hover:ring-0 focus:ring-0 focus:ring-offset-0"
  data-testid="input"
/>
`;

exports[`Input - Snapshots > matches snapshots for different configurations 2`] = `
<input
  class="file:text-foreground placeholder:text-muted-foreground selection:bg-primary selection:text-primary-foreground dark:bg-input/30 border-input flex h-9 w-full min-w-0 rounded-md border bg-transparent px-3 py-1 text-base shadow-xs transition-[color,box-shadow] outline-none file:inline-flex file:h-7 file:border-0 file:bg-transparent file:text-sm file:font-medium disabled:pointer-events-none disabled:cursor-not-allowed disabled:opacity-50 md:text-sm aria-invalid:ring-destructive/20 dark:aria-invalid:ring-destructive/40 aria-invalid:border-destructive focus:outline-none hover:outline-none hover:ring-0 focus:ring-0 focus:ring-offset-0 custom-input"
  data-testid="input"
/>
`;

exports[`Input - Snapshots > matches snapshots for different configurations 3`] = `
<input
  class="file:text-foreground placeholder:text-muted-foreground selection:bg-primary selection:text-primary-foreground dark:bg-input/30 border-input flex h-9 w-full min-w-0 rounded-md border bg-transparent px-3 py-1 text-base shadow-xs transition-[color,box-shadow] outline-none file:inline-flex file:h-7 file:border-0 file:bg-transparent file:text-sm file:font-medium disabled:pointer-events-none disabled:cursor-not-allowed disabled:opacity-50 md:text-sm aria-invalid:ring-destructive/20 dark:aria-invalid:ring-destructive/40 aria-invalid:border-destructive focus:outline-none hover:outline-none hover:ring-0 focus:ring-0 focus:ring-offset-0"
  data-testid="input"
  placeholder="Enter text"
/>
`;

exports[`Input - Snapshots > matches snapshots for different input types 1`] = `
<input
  class="file:text-foreground placeholder:text-muted-foreground selection:bg-primary selection:text-primary-foreground dark:bg-input/30 border-input flex h-9 w-full min-w-0 rounded-md border bg-transparent px-3 py-1 text-base shadow-xs transition-[color,box-shadow] outline-none file:inline-flex file:h-7 file:border-0 file:bg-transparent file:text-sm file:font-medium disabled:pointer-events-none disabled:cursor-not-allowed disabled:opacity-50 md:text-sm aria-invalid:ring-destructive/20 dark:aria-invalid:ring-destructive/40 aria-invalid:border-destructive focus:outline-none hover:outline-none hover:ring-0 focus:ring-0 focus:ring-offset-0"
  data-testid="input"
  type="text"
/>
`;

exports[`Input - Snapshots > matches snapshots for different input types 2`] = `
<input
  class="file:text-foreground placeholder:text-muted-foreground selection:bg-primary selection:text-primary-foreground dark:bg-input/30 border-input flex h-9 w-full min-w-0 rounded-md border bg-transparent px-3 py-1 text-base shadow-xs transition-[color,box-shadow] outline-none file:inline-flex file:h-7 file:border-0 file:bg-transparent file:text-sm file:font-medium disabled:pointer-events-none disabled:cursor-not-allowed disabled:opacity-50 md:text-sm aria-invalid:ring-destructive/20 dark:aria-invalid:ring-destructive/40 aria-invalid:border-destructive focus:outline-none hover:outline-none hover:ring-0 focus:ring-0 focus:ring-offset-0"
  data-testid="input"
  type="email"
/>
`;

exports[`Input - Snapshots > matches snapshots for different input types 3`] = `
<input
  class="file:text-foreground placeholder:text-muted-foreground selection:bg-primary selection:text-primary-foreground dark:bg-input/30 border-input flex h-9 w-full min-w-0 rounded-md border bg-transparent px-3 py-1 text-base shadow-xs transition-[color,box-shadow] outline-none file:inline-flex file:h-7 file:border-0 file:bg-transparent file:text-sm file:font-medium disabled:pointer-events-none disabled:cursor-not-allowed disabled:opacity-50 md:text-sm aria-invalid:ring-destructive/20 dark:aria-invalid:ring-destructive/40 aria-invalid:border-destructive focus:outline-none hover:outline-none hover:ring-0 focus:ring-0 focus:ring-offset-0"
  data-testid="input"
  type="password"
/>
`;

exports[`Input - Snapshots > matches snapshots for different states 1`] = `
<input
  class="file:text-foreground placeholder:text-muted-foreground selection:bg-primary selection:text-primary-foreground dark:bg-input/30 border-input flex h-9 w-full min-w-0 rounded-md border bg-transparent px-3 py-1 text-base shadow-xs transition-[color,box-shadow] outline-none file:inline-flex file:h-7 file:border-0 file:bg-transparent file:text-sm file:font-medium disabled:pointer-events-none disabled:cursor-not-allowed disabled:opacity-50 md:text-sm aria-invalid:ring-destructive/20 dark:aria-invalid:ring-destructive/40 aria-invalid:border-destructive focus:outline-none hover:outline-none hover:ring-0 focus:ring-0 focus:ring-offset-0"
  data-testid="input"
  disabled=""
/>
`;

exports[`Input - Snapshots > matches snapshots for different states 2`] = `
<input
  class="file:text-foreground placeholder:text-muted-foreground selection:bg-primary selection:text-primary-foreground dark:bg-input/30 border-input flex h-9 w-full min-w-0 rounded-md border bg-transparent px-3 py-1 text-base shadow-xs transition-[color,box-shadow] outline-none file:inline-flex file:h-7 file:border-0 file:bg-transparent file:text-sm file:font-medium disabled:pointer-events-none disabled:cursor-not-allowed disabled:opacity-50 md:text-sm aria-invalid:ring-destructive/20 dark:aria-invalid:ring-destructive/40 aria-invalid:border-destructive focus:outline-none hover:outline-none hover:ring-0 focus:ring-0 focus:ring-offset-0"
  data-testid="input"
  required=""
/>
`;

exports[`Input - Snapshots > matches snapshots for different states 3`] = `
<input
  class="file:text-foreground placeholder:text-muted-foreground selection:bg-primary selection:text-primary-foreground dark:bg-input/30 border-input flex h-9 w-full min-w-0 rounded-md border bg-transparent px-3 py-1 text-base shadow-xs transition-[color,box-shadow] outline-none file:inline-flex file:h-7 file:border-0 file:bg-transparent file:text-sm file:font-medium disabled:pointer-events-none disabled:cursor-not-allowed disabled:opacity-50 md:text-sm aria-invalid:ring-destructive/20 dark:aria-invalid:ring-destructive/40 aria-invalid:border-destructive focus:outline-none hover:outline-none hover:ring-0 focus:ring-0 focus:ring-offset-0"
  data-testid="input"
  readonly=""
/>
`;

exports[`Input - Snapshots > matches snapshots for standard input attributes 1`] = `
<input
  autocomplete="off"
  class="file:text-foreground placeholder:text-muted-foreground selection:bg-primary selection:text-primary-foreground dark:bg-input/30 border-input flex h-9 w-full min-w-0 rounded-md border bg-transparent px-3 py-1 text-base shadow-xs transition-[color,box-shadow] outline-none file:inline-flex file:h-7 file:border-0 file:bg-transparent file:text-sm file:font-medium disabled:pointer-events-none disabled:cursor-not-allowed disabled:opacity-50 md:text-sm aria-invalid:ring-destructive/20 dark:aria-invalid:ring-destructive/40 aria-invalid:border-destructive focus:outline-none hover:outline-none hover:ring-0 focus:ring-0 focus:ring-offset-0"
  data-testid="input"
  id="test-input"
  maxlength="100"
  minlength="5"
  name="testName"
  pattern="[a-z]+"
  required=""
/>
`;
