// Vitest Snapshot v1, https://vitest.dev/guide/snapshot.html

exports[`DialogReplyInput - Snapshots > matches snapshot in default state 1`] = `
<div
  class="relative flex flex-col rounded-md border border-dashed border-input p-6"
  data-override-defaults="true"
  data-testid="container"
>
  <div
    data-testid="post-reply-connector"
  />
  <div
    class="flex flex-col gap-4"
    data-override-defaults="true"
    data-testid="container"
  >
    <div
      data-hide-time="true"
      data-post-id="test-user-id:pubkey"
      data-testid="post-header"
    >
      PostHeader 
      test-user-id:pubkey
    </div>
    <textarea
      class="min-h-6 resize-none border-none bg-transparent p-0 text-base font-medium break-all text-secondary-foreground shadow-none focus-visible:ring-0 focus-visible:ring-offset-0"
      data-testid="textarea"
      placeholder="Write a reply..."
    />
    <div
      class="flex flex-col justify-between gap-4 md:flex-row md:gap-0"
      data-override-defaults="true"
      data-testid="container"
    >
      <div
        data-testid="post-tags-list"
      >
        <button
          data-testid="add-tag-button"
        >
          +
        </button>
      </div>
      <div
        data-testid="dialog-reply-action-bar"
      >
        <button
          aria-label="Post reply"
          data-testid="post-button"
          disabled=""
        >
          Post
        </button>
      </div>
    </div>
  </div>
</div>
`;

exports[`DialogReplyInput - Snapshots > matches snapshot with user details 1`] = `
<div
  class="relative flex flex-col rounded-md border border-dashed border-input p-6"
  data-override-defaults="true"
  data-testid="container"
>
  <div
    data-testid="post-reply-connector"
  />
  <div
    class="flex flex-col gap-4"
    data-override-defaults="true"
    data-testid="container"
  >
    <div
      data-hide-time="true"
      data-post-id="test-user-id:pubkey"
      data-testid="post-header"
    >
      PostHeader 
      test-user-id:pubkey
    </div>
    <textarea
      class="min-h-6 resize-none border-none bg-transparent p-0 text-base font-medium break-all text-secondary-foreground shadow-none focus-visible:ring-0 focus-visible:ring-offset-0"
      data-testid="textarea"
      placeholder="Write a reply..."
    />
    <div
      class="flex flex-col justify-between gap-4 md:flex-row md:gap-0"
      data-override-defaults="true"
      data-testid="container"
    >
      <div
        data-testid="post-tags-list"
      >
        <button
          data-testid="add-tag-button"
        >
          +
        </button>
      </div>
      <div
        data-testid="dialog-reply-action-bar"
      >
        <button
          aria-label="Post reply"
          data-testid="post-button"
          disabled=""
        >
          Post
        </button>
      </div>
    </div>
  </div>
</div>
`;

exports[`DialogReplyInput - Snapshots > matches snapshot without user details 1`] = `
<div
  class="relative flex flex-col rounded-md border border-dashed border-input p-6"
  data-override-defaults="true"
  data-testid="container"
>
  <div
    data-testid="post-reply-connector"
  />
  <div
    class="flex flex-col gap-4"
    data-override-defaults="true"
    data-testid="container"
  >
    <div
      data-hide-time="true"
      data-post-id="test-user-id:pubkey"
      data-testid="post-header"
    >
      PostHeader 
      test-user-id:pubkey
    </div>
    <textarea
      class="min-h-6 resize-none border-none bg-transparent p-0 text-base font-medium break-all text-secondary-foreground shadow-none focus-visible:ring-0 focus-visible:ring-offset-0"
      data-testid="textarea"
      placeholder="Write a reply..."
    />
    <div
      class="flex flex-col justify-between gap-4 md:flex-row md:gap-0"
      data-override-defaults="true"
      data-testid="container"
    >
      <div
        data-testid="post-tags-list"
      >
        <button
          data-testid="add-tag-button"
        >
          +
        </button>
      </div>
      <div
        data-testid="dialog-reply-action-bar"
      >
        <button
          aria-label="Post reply"
          data-testid="post-button"
          disabled=""
        >
          Post
        </button>
      </div>
    </div>
  </div>
</div>
`;
