// Vitest Snapshot v1, https://vitest.dev/guide/snapshot.html

exports[`PostHeaderUserInfoPopoverSkeleton - Snapshots > matches snapshot 1`] = `
<div
  class="mx-auto w-full flex-col flex animate-pulse gap-3"
  data-testid="container"
>
  <div
    class="flex min-w-0 items-center gap-2"
    data-testid="container"
  >
    <div
      class="size-10 rounded-full bg-muted"
      data-testid="container"
    />
    <div
      class="mx-auto w-full flex-col flex min-w-0 flex-1 gap-1"
      data-testid="container"
    >
      <div
        class="h-5 w-24 rounded bg-muted"
        data-testid="container"
      />
      <div
        class="h-4 w-16 rounded bg-muted"
        data-testid="container"
      />
    </div>
  </div>
  <div
    class="h-6 w-full rounded bg-muted"
    data-testid="container"
  />
  <div
    class="flex items-start gap-2.5"
    data-testid="container"
  >
    <div
      class="mx-auto w-full flex-col flex flex-1 gap-2"
      data-testid="container"
    >
      <div
        class="h-4 w-20 rounded bg-muted"
        data-testid="container"
      />
    </div>
    <div
      class="mx-auto w-full flex-col flex flex-1 gap-2"
      data-testid="container"
    >
      <div
        class="h-4 w-20 rounded bg-muted"
        data-testid="container"
      />
    </div>
  </div>
  <div
    class="h-8 w-24 rounded bg-muted"
    data-testid="container"
  />
</div>
`;
