// Vitest Snapshot v1, https://vitest.dev/guide/snapshot.html

exports[`NotificationsEmpty - Snapshots > matches snapshot with default props 1`] = `
<div
  class="relative items-center justify-center gap-6 p-6"
  data-testid="container"
>
  <img
    alt="Notifications - Empty state image for mobile devices"
    aria-hidden="true"
    class="pointer-events-none object-contain object-center lg:hidden"
    data-nimg="fill"
    decoding="async"
    loading="lazy"
    sizes="100vw"
    src="/_next/image?url=%2Fimages%2Fnotifications-empty-state-mobile.png&w=3840&q=75"
    srcset="/_next/image?url=%2Fimages%2Fnotifications-empty-state-mobile.png&w=640&q=75 640w, /_next/image?url=%2Fimages%2Fnotifications-empty-state-mobile.png&w=750&q=75 750w, /_next/image?url=%2Fimages%2Fnotifications-empty-state-mobile.png&w=828&q=75 828w, /_next/image?url=%2Fimages%2Fnotifications-empty-state-mobile.png&w=1080&q=75 1080w, /_next/image?url=%2Fimages%2Fnotifications-empty-state-mobile.png&w=1200&q=75 1200w, /_next/image?url=%2Fimages%2Fnotifications-empty-state-mobile.png&w=1920&q=75 1920w, /_next/image?url=%2Fimages%2Fnotifications-empty-state-mobile.png&w=2048&q=75 2048w, /_next/image?url=%2Fimages%2Fnotifications-empty-state-mobile.png&w=3840&q=75 3840w"
    style="position: absolute; height: 100%; width: 100%; left: 0px; top: 0px; right: 0px; bottom: 0px; color: transparent;"
  />
  <img
    alt="Notifications - Empty state image for desktop devices"
    aria-hidden="true"
    class="pointer-events-none hidden object-contain object-center lg:block"
    data-nimg="fill"
    decoding="async"
    loading="lazy"
    sizes="100vw"
    src="/_next/image?url=%2Fimages%2Fnotifications-empty-state-desktop.png&w=3840&q=75"
    srcset="/_next/image?url=%2Fimages%2Fnotifications-empty-state-desktop.png&w=640&q=75 640w, /_next/image?url=%2Fimages%2Fnotifications-empty-state-desktop.png&w=750&q=75 750w, /_next/image?url=%2Fimages%2Fnotifications-empty-state-desktop.png&w=828&q=75 828w, /_next/image?url=%2Fimages%2Fnotifications-empty-state-desktop.png&w=1080&q=75 1080w, /_next/image?url=%2Fimages%2Fnotifications-empty-state-desktop.png&w=1200&q=75 1200w, /_next/image?url=%2Fimages%2Fnotifications-empty-state-desktop.png&w=1920&q=75 1920w, /_next/image?url=%2Fimages%2Fnotifications-empty-state-desktop.png&w=2048&q=75 2048w, /_next/image?url=%2Fimages%2Fnotifications-empty-state-desktop.png&w=3840&q=75 3840w"
    style="position: absolute; height: 100%; width: 100%; left: 0px; top: 0px; right: 0px; bottom: 0px; color: transparent;"
  />
  <div
    class="relative flex shrink-0 items-center justify-center rounded-full bg-brand/16 p-6"
    data-testid="container"
  >
    <svg
      class="size-12 text-brand"
      data-stroke-width="1.5"
      data-testid="frown-icon"
    >
      Frown
    </svg>
  </div>
  <div
    class="relative z-10 items-center justify-center"
    data-testid="container"
  >
    <h3
      class="pb-6 text-center leading-8"
      data-testid="typography"
    >
      Nothing to see here yet
    </h3>
    <p
      class="text-center text-base leading-6 font-medium text-secondary-foreground"
      data-testid="typography"
    >
      Tags, follows, reposts and account information will be displayed here.
    </p>
  </div>
</div>
`;
