// Vitest Snapshot v1, https://vitest.dev/guide/snapshot.html

exports[`TaggedSection - Snapshots > matches snapshot 1`] = `
<div
  class="mx-auto w-full flex-col flex gap-2 rounded-md bg-card p-6"
  data-testid="container"
>
  <p
    class="text-base font-medium text-secondary-foreground"
    data-testid="typography"
  >
    Satoshi was tagged as:
  </p>
  <div
    data-testid="tag-input"
  >
    TagInput
  </div>
  <div
    data-testid="tagged-list"
  >
    1
     tags
  </div>
</div>
`;
